Archive member included to satisfy reference by file (symbol)

c:/program files (x86)/atmel/studio/7.0/toolchain/avr8/avr8-gnu-toolchain/bin/../lib/gcc/avr/5.4.0/avr5\libgcc.a(_udivmodsi4.o)
                              src/serial/serial.o (__udivmodsi4)
c:/program files (x86)/atmel/studio/7.0/toolchain/avr8/avr8-gnu-toolchain/bin/../lib/gcc/avr/5.4.0/avr5\libgcc.a(_exit.o)
                              C:/Program Files (x86)/Atmel/Studio/7.0/Packs/atmel/ATmega_DFP/1.2.132/gcc/dev/atmega324pa/avr5/crtatmega324pa.o (exit)
c:/program files (x86)/atmel/studio/7.0/toolchain/avr8/avr8-gnu-toolchain/bin/../lib/gcc/avr/5.4.0/avr5\libgcc.a(_tablejump2.o)
                              main.o (__tablejump2__)
c:/program files (x86)/atmel/studio/7.0/toolchain/avr8/avr8-gnu-toolchain/bin/../lib/gcc/avr/5.4.0/avr5\libgcc.a(_copy_data.o)
                              main.o (__do_copy_data)
c:/program files (x86)/atmel/studio/7.0/toolchain/avr8/avr8-gnu-toolchain/bin/../lib/gcc/avr/5.4.0/avr5\libgcc.a(_clear_bss.o)
                              main.o (__do_clear_bss)
c:/program files (x86)/atmel/studio/7.0/toolchain/avr8/avr8-gnu-toolchain/bin/../lib/gcc/avr/5.4.0/../../../../avr/lib/avr5\libc.a(malloc.o)
                              src/serial/serial.o (malloc)
c:/program files (x86)/atmel/studio/7.0/toolchain/avr8/avr8-gnu-toolchain/bin/../lib/gcc/avr/5.4.0/../../../../avr/lib/avr5\libc.a(memcpy.o)
                              src/FreeRTOS/Source/queue.o (memcpy)
c:/program files (x86)/atmel/studio/7.0/toolchain/avr8/avr8-gnu-toolchain/bin/../lib/gcc/avr/5.4.0/../../../../avr/lib/avr5\libc.a(memset.o)
                              src/FreeRTOS/Source/tasks.o (memset)

Allocating common symbols
Common symbol       size              file

__brkval            0x2               c:/program files (x86)/atmel/studio/7.0/toolchain/avr8/avr8-gnu-toolchain/bin/../lib/gcc/avr/5.4.0/../../../../avr/lib/avr5\libc.a(malloc.o)
__flp               0x2               c:/program files (x86)/atmel/studio/7.0/toolchain/avr8/avr8-gnu-toolchain/bin/../lib/gcc/avr/5.4.0/../../../../avr/lib/avr5\libc.a(malloc.o)

Discarded input sections

 .data          0x00000000        0x0 C:/Program Files (x86)/Atmel/Studio/7.0/Packs/atmel/ATmega_DFP/1.2.132/gcc/dev/atmega324pa/avr5/crtatmega324pa.o
 .bss           0x00000000        0x0 C:/Program Files (x86)/Atmel/Studio/7.0/Packs/atmel/ATmega_DFP/1.2.132/gcc/dev/atmega324pa/avr5/crtatmega324pa.o
 .text          0x00000000        0x0 main.o
 .data          0x00000000        0x0 main.o
 .bss           0x00000000        0x0 main.o
 .text          0x00000000        0x0 src/board/board.o
 .data          0x00000000        0x0 src/board/board.o
 .bss           0x00000000        0x0 src/board/board.o
 .text          0x00000000        0x0 src/buffer/buffer.o
 .data          0x00000000        0x0 src/buffer/buffer.o
 .bss           0x00000000        0x0 src/buffer/buffer.o
 .text.buffer_is_empty
                0x00000000        0xe src/buffer/buffer.o
 .text.buffer_no_of_items
                0x00000000        0x6 src/buffer/buffer.o
 .text.buffer_clear
                0x00000000        0xa src/buffer/buffer.o
 .text          0x00000000        0x0 src/FreeRTOS/Source/croutine.o
 .data          0x00000000        0x0 src/FreeRTOS/Source/croutine.o
 .bss           0x00000000        0x0 src/FreeRTOS/Source/croutine.o
 .text.xCoRoutineCreate
                0x00000000       0xf0 src/FreeRTOS/Source/croutine.o
 .text.vCoRoutineAddToDelayedList
                0x00000000       0x86 src/FreeRTOS/Source/croutine.o
 .text.vCoRoutineSchedule
                0x00000000      0x274 src/FreeRTOS/Source/croutine.o
 .text.xCoRoutineRemoveFromEventList
                0x00000000       0x4a src/FreeRTOS/Source/croutine.o
 .bss.xPassedTicks
                0x00000000        0x2 src/FreeRTOS/Source/croutine.o
 .bss.xLastTickCount
                0x00000000        0x2 src/FreeRTOS/Source/croutine.o
 .bss.xCoRoutineTickCount
                0x00000000        0x2 src/FreeRTOS/Source/croutine.o
 .bss.uxTopCoRoutineReadyPriority
                0x00000000        0x1 src/FreeRTOS/Source/croutine.o
 .bss.pxCurrentCoRoutine
                0x00000000        0x2 src/FreeRTOS/Source/croutine.o
 .bss.xPendingReadyCoRoutineList
                0x00000000        0x9 src/FreeRTOS/Source/croutine.o
 .bss.pxOverflowDelayedCoRoutineList
                0x00000000        0x2 src/FreeRTOS/Source/croutine.o
 .bss.pxDelayedCoRoutineList
                0x00000000        0x2 src/FreeRTOS/Source/croutine.o
 .bss.xDelayedCoRoutineList2
                0x00000000        0x9 src/FreeRTOS/Source/croutine.o
 .bss.xDelayedCoRoutineList1
                0x00000000        0x9 src/FreeRTOS/Source/croutine.o
 .bss.pxReadyCoRoutineLists
                0x00000000       0x12 src/FreeRTOS/Source/croutine.o
 .debug_info    0x00000000      0x77d src/FreeRTOS/Source/croutine.o
 .debug_abbrev  0x00000000      0x22b src/FreeRTOS/Source/croutine.o
 .debug_loc     0x00000000      0x3eb src/FreeRTOS/Source/croutine.o
 .debug_aranges
                0x00000000       0x38 src/FreeRTOS/Source/croutine.o
 .debug_ranges  0x00000000       0x28 src/FreeRTOS/Source/croutine.o
 .debug_line    0x00000000      0x36a src/FreeRTOS/Source/croutine.o
 .debug_str     0x00000000      0x551 src/FreeRTOS/Source/croutine.o
 .comment       0x00000000       0x31 src/FreeRTOS/Source/croutine.o
 .debug_frame   0x00000000       0xc0 src/FreeRTOS/Source/croutine.o
 .text          0x00000000        0x0 src/FreeRTOS/Source/event_groups.o
 .data          0x00000000        0x0 src/FreeRTOS/Source/event_groups.o
 .bss           0x00000000        0x0 src/FreeRTOS/Source/event_groups.o
 .text.xEventGroupCreate
                0x00000000       0x26 src/FreeRTOS/Source/event_groups.o
 .text.xEventGroupWaitBits
                0x00000000      0x110 src/FreeRTOS/Source/event_groups.o
 .text.xEventGroupClearBits
                0x00000000       0x1e src/FreeRTOS/Source/event_groups.o
 .text.xEventGroupGetBitsFromISR
                0x00000000        0x8 src/FreeRTOS/Source/event_groups.o
 .text.xEventGroupSetBits
                0x00000000       0xdc src/FreeRTOS/Source/event_groups.o
 .text.xEventGroupSync
                0x00000000       0xd2 src/FreeRTOS/Source/event_groups.o
 .text.vEventGroupDelete
                0x00000000       0x32 src/FreeRTOS/Source/event_groups.o
 .text.vEventGroupSetBitsCallback
                0x00000000        0x8 src/FreeRTOS/Source/event_groups.o
 .text.vEventGroupClearBitsCallback
                0x00000000        0x8 src/FreeRTOS/Source/event_groups.o
 .text.uxEventGroupGetNumber
                0x00000000        0xe src/FreeRTOS/Source/event_groups.o
 .debug_info    0x00000000      0x94b src/FreeRTOS/Source/event_groups.o
 .debug_abbrev  0x00000000      0x205 src/FreeRTOS/Source/event_groups.o
 .debug_loc     0x00000000      0xbea src/FreeRTOS/Source/event_groups.o
 .debug_aranges
                0x00000000       0x68 src/FreeRTOS/Source/event_groups.o
 .debug_ranges  0x00000000       0x70 src/FreeRTOS/Source/event_groups.o
 .debug_line    0x00000000      0x41e src/FreeRTOS/Source/event_groups.o
 .debug_str     0x00000000      0x5d2 src/FreeRTOS/Source/event_groups.o
 .comment       0x00000000       0x31 src/FreeRTOS/Source/event_groups.o
 .debug_frame   0x00000000      0x168 src/FreeRTOS/Source/event_groups.o
 .text          0x00000000        0x0 src/FreeRTOS/Source/list.o
 .data          0x00000000        0x0 src/FreeRTOS/Source/list.o
 .bss           0x00000000        0x0 src/FreeRTOS/Source/list.o
 .text          0x00000000        0x0 src/FreeRTOS/Source/portable/GCC/ATMega324/port.o
 .data          0x00000000        0x0 src/FreeRTOS/Source/portable/GCC/ATMega324/port.o
 .bss           0x00000000        0x0 src/FreeRTOS/Source/portable/GCC/ATMega324/port.o
 .text.vPortEndScheduler
                0x00000000        0x2 src/FreeRTOS/Source/portable/GCC/ATMega324/port.o
 .text          0x00000000        0x0 src/FreeRTOS/Source/portable/MemMang/heap_1.o
 .data          0x00000000        0x0 src/FreeRTOS/Source/portable/MemMang/heap_1.o
 .bss           0x00000000        0x0 src/FreeRTOS/Source/portable/MemMang/heap_1.o
 .text.vPortInitialiseBlocks
                0x00000000        0xa src/FreeRTOS/Source/portable/MemMang/heap_1.o
 .text.xPortGetFreeHeapSize
                0x00000000       0x12 src/FreeRTOS/Source/portable/MemMang/heap_1.o
 .text          0x00000000        0x0 src/serial/serial.o
 .data          0x00000000        0x0 src/serial/serial.o
 .bss           0x00000000        0x0 src/serial/serial.o
 .text.serial_send_byte
                0x00000000       0x32 src/serial/serial.o
 .text          0x00000000        0x0 src/FreeRTOS/Source/queue.o
 .data          0x00000000        0x0 src/FreeRTOS/Source/queue.o
 .bss           0x00000000        0x0 src/FreeRTOS/Source/queue.o
 .text.xQueueGiveFromISR
                0x00000000       0x52 src/FreeRTOS/Source/queue.o
 .text.xQueueReceiveFromISR
                0x00000000       0x6e src/FreeRTOS/Source/queue.o
 .text.xQueuePeekFromISR
                0x00000000       0x2e src/FreeRTOS/Source/queue.o
 .text.uxQueueMessagesWaiting
                0x00000000       0x10 src/FreeRTOS/Source/queue.o
 .text.uxQueueSpacesAvailable
                0x00000000       0x14 src/FreeRTOS/Source/queue.o
 .text.uxQueueMessagesWaitingFromISR
                0x00000000        0x6 src/FreeRTOS/Source/queue.o
 .text.vQueueDelete
                0x00000000        0x6 src/FreeRTOS/Source/queue.o
 .text.uxQueueGetQueueNumber
                0x00000000        0x6 src/FreeRTOS/Source/queue.o
 .text.vQueueSetQueueNumber
                0x00000000        0x6 src/FreeRTOS/Source/queue.o
 .text.ucQueueGetQueueType
                0x00000000        0x6 src/FreeRTOS/Source/queue.o
 .text.xQueueIsQueueEmptyFromISR
                0x00000000        0xc src/FreeRTOS/Source/queue.o
 .text.xQueueIsQueueFullFromISR
                0x00000000        0xe src/FreeRTOS/Source/queue.o
 .text.xQueueCRSend
                0x00000000       0x72 src/FreeRTOS/Source/queue.o
 .text.xQueueCRReceive
                0x00000000       0x92 src/FreeRTOS/Source/queue.o
 .text.xQueueCRSendFromISR
                0x00000000       0x48 src/FreeRTOS/Source/queue.o
 .text.xQueueCRReceiveFromISR
                0x00000000       0x82 src/FreeRTOS/Source/queue.o
 .text          0x00000000        0x0 src/FreeRTOS/Source/tasks.o
 .data          0x00000000        0x0 src/FreeRTOS/Source/tasks.o
 .bss           0x00000000        0x0 src/FreeRTOS/Source/tasks.o
 .text.vTaskDelete
                0x00000000       0xaa src/FreeRTOS/Source/tasks.o
 .text.eTaskGetState
                0x00000000       0x5e src/FreeRTOS/Source/tasks.o
 .text.vTaskEndScheduler
                0x00000000        0xc src/FreeRTOS/Source/tasks.o
 .text.xTaskGetTickCount
                0x00000000       0x14 src/FreeRTOS/Source/tasks.o
 .text.xTaskGetTickCountFromISR
                0x00000000        0xa src/FreeRTOS/Source/tasks.o
 .text.uxTaskGetNumberOfTasks
                0x00000000        0x6 src/FreeRTOS/Source/tasks.o
 .text.pcTaskGetName
                0x00000000       0x10 src/FreeRTOS/Source/tasks.o
 .text.vTaskDelayUntil
                0x00000000       0x7c src/FreeRTOS/Source/tasks.o
 .text.xTaskGetApplicationTaskTag
                0x00000000       0x1e src/FreeRTOS/Source/tasks.o
 .text.xTaskCallApplicationTaskHook
                0x00000000       0x24 src/FreeRTOS/Source/tasks.o
 .text.vTaskPlaceOnUnorderedEventList
                0x00000000       0x32 src/FreeRTOS/Source/tasks.o
 .text.xTaskRemoveFromUnorderedEventList
                0x00000000       0x74 src/FreeRTOS/Source/tasks.o
 .text.uxTaskGetTaskNumber
                0x00000000        0xe src/FreeRTOS/Source/tasks.o
 .text.vTaskSetTaskNumber
                0x00000000        0xa src/FreeRTOS/Source/tasks.o
 .text.vTaskGetInfo
                0x00000000       0xac src/FreeRTOS/Source/tasks.o
 .text.prvListTasksWithinSingleList
                0x00000000       0xb2 src/FreeRTOS/Source/tasks.o
 .text.uxTaskGetSystemState
                0x00000000       0xd0 src/FreeRTOS/Source/tasks.o
 .text.xTaskGetCurrentTaskHandle
                0x00000000        0xa src/FreeRTOS/Source/tasks.o
 .text.uxTaskResetEventItemValue
                0x00000000       0x2e src/FreeRTOS/Source/tasks.o
 .text.ulTaskNotifyTake
                0x00000000       0xae src/FreeRTOS/Source/tasks.o
 .text.xTaskNotifyWait
                0x00000000      0x108 src/FreeRTOS/Source/tasks.o
 .text.xTaskGenericNotify
                0x00000000       0xfc src/FreeRTOS/Source/tasks.o
 .text.xTaskGenericNotifyFromISR
                0x00000000      0x122 src/FreeRTOS/Source/tasks.o
 .text.vTaskNotifyGiveFromISR
                0x00000000       0xb6 src/FreeRTOS/Source/tasks.o
 .text.xTaskNotifyStateClear
                0x00000000       0x28 src/FreeRTOS/Source/tasks.o
 .text          0x00000000        0x0 src/FreeRTOS/Source/timers.o
 .data          0x00000000        0x0 src/FreeRTOS/Source/timers.o
 .bss           0x00000000        0x0 src/FreeRTOS/Source/timers.o
 .debug_info    0x00000000       0x64 src/FreeRTOS/Source/timers.o
 .debug_abbrev  0x00000000       0x26 src/FreeRTOS/Source/timers.o
 .debug_aranges
                0x00000000       0x18 src/FreeRTOS/Source/timers.o
 .debug_line    0x00000000       0x1a src/FreeRTOS/Source/timers.o
 .debug_str     0x00000000      0x185 src/FreeRTOS/Source/timers.o
 .comment       0x00000000       0x31 src/FreeRTOS/Source/timers.o
 .text          0x00000000        0x0 c:/program files (x86)/atmel/studio/7.0/toolchain/avr8/avr8-gnu-toolchain/bin/../lib/gcc/avr/5.4.0/avr5\libgcc.a(_udivmodsi4.o)
 .data          0x00000000        0x0 c:/program files (x86)/atmel/studio/7.0/toolchain/avr8/avr8-gnu-toolchain/bin/../lib/gcc/avr/5.4.0/avr5\libgcc.a(_udivmodsi4.o)
 .bss           0x00000000        0x0 c:/program files (x86)/atmel/studio/7.0/toolchain/avr8/avr8-gnu-toolchain/bin/../lib/gcc/avr/5.4.0/avr5\libgcc.a(_udivmodsi4.o)
 .text.libgcc.mul
                0x00000000        0x0 c:/program files (x86)/atmel/studio/7.0/toolchain/avr8/avr8-gnu-toolchain/bin/../lib/gcc/avr/5.4.0/avr5\libgcc.a(_udivmodsi4.o)
 .text.libgcc   0x00000000        0x0 c:/program files (x86)/atmel/studio/7.0/toolchain/avr8/avr8-gnu-toolchain/bin/../lib/gcc/avr/5.4.0/avr5\libgcc.a(_udivmodsi4.o)
 .text.libgcc.prologue
                0x00000000        0x0 c:/program files (x86)/atmel/studio/7.0/toolchain/avr8/avr8-gnu-toolchain/bin/../lib/gcc/avr/5.4.0/avr5\libgcc.a(_udivmodsi4.o)
 .text.libgcc.builtins
                0x00000000        0x0 c:/program files (x86)/atmel/studio/7.0/toolchain/avr8/avr8-gnu-toolchain/bin/../lib/gcc/avr/5.4.0/avr5\libgcc.a(_udivmodsi4.o)
 .text.libgcc.fmul
                0x00000000        0x0 c:/program files (x86)/atmel/studio/7.0/toolchain/avr8/avr8-gnu-toolchain/bin/../lib/gcc/avr/5.4.0/avr5\libgcc.a(_udivmodsi4.o)
 .text.libgcc.fixed
                0x00000000        0x0 c:/program files (x86)/atmel/studio/7.0/toolchain/avr8/avr8-gnu-toolchain/bin/../lib/gcc/avr/5.4.0/avr5\libgcc.a(_udivmodsi4.o)
 .text          0x00000000        0x0 c:/program files (x86)/atmel/studio/7.0/toolchain/avr8/avr8-gnu-toolchain/bin/../lib/gcc/avr/5.4.0/avr5\libgcc.a(_exit.o)
 .data          0x00000000        0x0 c:/program files (x86)/atmel/studio/7.0/toolchain/avr8/avr8-gnu-toolchain/bin/../lib/gcc/avr/5.4.0/avr5\libgcc.a(_exit.o)
 .bss           0x00000000        0x0 c:/program files (x86)/atmel/studio/7.0/toolchain/avr8/avr8-gnu-toolchain/bin/../lib/gcc/avr/5.4.0/avr5\libgcc.a(_exit.o)
 .text.libgcc.mul
                0x00000000        0x0 c:/program files (x86)/atmel/studio/7.0/toolchain/avr8/avr8-gnu-toolchain/bin/../lib/gcc/avr/5.4.0/avr5\libgcc.a(_exit.o)
 .text.libgcc.div
                0x00000000        0x0 c:/program files (x86)/atmel/studio/7.0/toolchain/avr8/avr8-gnu-toolchain/bin/../lib/gcc/avr/5.4.0/avr5\libgcc.a(_exit.o)
 .text.libgcc   0x00000000        0x0 c:/program files (x86)/atmel/studio/7.0/toolchain/avr8/avr8-gnu-toolchain/bin/../lib/gcc/avr/5.4.0/avr5\libgcc.a(_exit.o)
 .text.libgcc.prologue
                0x00000000        0x0 c:/program files (x86)/atmel/studio/7.0/toolchain/avr8/avr8-gnu-toolchain/bin/../lib/gcc/avr/5.4.0/avr5\libgcc.a(_exit.o)
 .text.libgcc.builtins
                0x00000000        0x0 c:/program files (x86)/atmel/studio/7.0/toolchain/avr8/avr8-gnu-toolchain/bin/../lib/gcc/avr/5.4.0/avr5\libgcc.a(_exit.o)
 .text.libgcc.fmul
                0x00000000        0x0 c:/program files (x86)/atmel/studio/7.0/toolchain/avr8/avr8-gnu-toolchain/bin/../lib/gcc/avr/5.4.0/avr5\libgcc.a(_exit.o)
 .text.libgcc.fixed
                0x00000000        0x0 c:/program files (x86)/atmel/studio/7.0/toolchain/avr8/avr8-gnu-toolchain/bin/../lib/gcc/avr/5.4.0/avr5\libgcc.a(_exit.o)
 .text          0x00000000        0x0 c:/program files (x86)/atmel/studio/7.0/toolchain/avr8/avr8-gnu-toolchain/bin/../lib/gcc/avr/5.4.0/avr5\libgcc.a(_tablejump2.o)
 .data          0x00000000        0x0 c:/program files (x86)/atmel/studio/7.0/toolchain/avr8/avr8-gnu-toolchain/bin/../lib/gcc/avr/5.4.0/avr5\libgcc.a(_tablejump2.o)
 .bss           0x00000000        0x0 c:/program files (x86)/atmel/studio/7.0/toolchain/avr8/avr8-gnu-toolchain/bin/../lib/gcc/avr/5.4.0/avr5\libgcc.a(_tablejump2.o)
 .text.libgcc.mul
                0x00000000        0x0 c:/program files (x86)/atmel/studio/7.0/toolchain/avr8/avr8-gnu-toolchain/bin/../lib/gcc/avr/5.4.0/avr5\libgcc.a(_tablejump2.o)
 .text.libgcc.div
                0x00000000        0x0 c:/program files (x86)/atmel/studio/7.0/toolchain/avr8/avr8-gnu-toolchain/bin/../lib/gcc/avr/5.4.0/avr5\libgcc.a(_tablejump2.o)
 .text.libgcc.prologue
                0x00000000        0x0 c:/program files (x86)/atmel/studio/7.0/toolchain/avr8/avr8-gnu-toolchain/bin/../lib/gcc/avr/5.4.0/avr5\libgcc.a(_tablejump2.o)
 .text.libgcc.builtins
                0x00000000        0x0 c:/program files (x86)/atmel/studio/7.0/toolchain/avr8/avr8-gnu-toolchain/bin/../lib/gcc/avr/5.4.0/avr5\libgcc.a(_tablejump2.o)
 .text.libgcc.fmul
                0x00000000        0x0 c:/program files (x86)/atmel/studio/7.0/toolchain/avr8/avr8-gnu-toolchain/bin/../lib/gcc/avr/5.4.0/avr5\libgcc.a(_tablejump2.o)
 .text.libgcc.fixed
                0x00000000        0x0 c:/program files (x86)/atmel/studio/7.0/toolchain/avr8/avr8-gnu-toolchain/bin/../lib/gcc/avr/5.4.0/avr5\libgcc.a(_tablejump2.o)
 .text          0x00000000        0x0 c:/program files (x86)/atmel/studio/7.0/toolchain/avr8/avr8-gnu-toolchain/bin/../lib/gcc/avr/5.4.0/avr5\libgcc.a(_copy_data.o)
 .data          0x00000000        0x0 c:/program files (x86)/atmel/studio/7.0/toolchain/avr8/avr8-gnu-toolchain/bin/../lib/gcc/avr/5.4.0/avr5\libgcc.a(_copy_data.o)
 .bss           0x00000000        0x0 c:/program files (x86)/atmel/studio/7.0/toolchain/avr8/avr8-gnu-toolchain/bin/../lib/gcc/avr/5.4.0/avr5\libgcc.a(_copy_data.o)
 .text.libgcc.mul
                0x00000000        0x0 c:/program files (x86)/atmel/studio/7.0/toolchain/avr8/avr8-gnu-toolchain/bin/../lib/gcc/avr/5.4.0/avr5\libgcc.a(_copy_data.o)
 .text.libgcc.div
                0x00000000        0x0 c:/program files (x86)/atmel/studio/7.0/toolchain/avr8/avr8-gnu-toolchain/bin/../lib/gcc/avr/5.4.0/avr5\libgcc.a(_copy_data.o)
 .text.libgcc   0x00000000        0x0 c:/program files (x86)/atmel/studio/7.0/toolchain/avr8/avr8-gnu-toolchain/bin/../lib/gcc/avr/5.4.0/avr5\libgcc.a(_copy_data.o)
 .text.libgcc.prologue
                0x00000000        0x0 c:/program files (x86)/atmel/studio/7.0/toolchain/avr8/avr8-gnu-toolchain/bin/../lib/gcc/avr/5.4.0/avr5\libgcc.a(_copy_data.o)
 .text.libgcc.builtins
                0x00000000        0x0 c:/program files (x86)/atmel/studio/7.0/toolchain/avr8/avr8-gnu-toolchain/bin/../lib/gcc/avr/5.4.0/avr5\libgcc.a(_copy_data.o)
 .text.libgcc.fmul
                0x00000000        0x0 c:/program files (x86)/atmel/studio/7.0/toolchain/avr8/avr8-gnu-toolchain/bin/../lib/gcc/avr/5.4.0/avr5\libgcc.a(_copy_data.o)
 .text.libgcc.fixed
                0x00000000        0x0 c:/program files (x86)/atmel/studio/7.0/toolchain/avr8/avr8-gnu-toolchain/bin/../lib/gcc/avr/5.4.0/avr5\libgcc.a(_copy_data.o)
 .text          0x00000000        0x0 c:/program files (x86)/atmel/studio/7.0/toolchain/avr8/avr8-gnu-toolchain/bin/../lib/gcc/avr/5.4.0/avr5\libgcc.a(_clear_bss.o)
 .data          0x00000000        0x0 c:/program files (x86)/atmel/studio/7.0/toolchain/avr8/avr8-gnu-toolchain/bin/../lib/gcc/avr/5.4.0/avr5\libgcc.a(_clear_bss.o)
 .bss           0x00000000        0x0 c:/program files (x86)/atmel/studio/7.0/toolchain/avr8/avr8-gnu-toolchain/bin/../lib/gcc/avr/5.4.0/avr5\libgcc.a(_clear_bss.o)
 .text.libgcc.mul
                0x00000000        0x0 c:/program files (x86)/atmel/studio/7.0/toolchain/avr8/avr8-gnu-toolchain/bin/../lib/gcc/avr/5.4.0/avr5\libgcc.a(_clear_bss.o)
 .text.libgcc.div
                0x00000000        0x0 c:/program files (x86)/atmel/studio/7.0/toolchain/avr8/avr8-gnu-toolchain/bin/../lib/gcc/avr/5.4.0/avr5\libgcc.a(_clear_bss.o)
 .text.libgcc   0x00000000        0x0 c:/program files (x86)/atmel/studio/7.0/toolchain/avr8/avr8-gnu-toolchain/bin/../lib/gcc/avr/5.4.0/avr5\libgcc.a(_clear_bss.o)
 .text.libgcc.prologue
                0x00000000        0x0 c:/program files (x86)/atmel/studio/7.0/toolchain/avr8/avr8-gnu-toolchain/bin/../lib/gcc/avr/5.4.0/avr5\libgcc.a(_clear_bss.o)
 .text.libgcc.builtins
                0x00000000        0x0 c:/program files (x86)/atmel/studio/7.0/toolchain/avr8/avr8-gnu-toolchain/bin/../lib/gcc/avr/5.4.0/avr5\libgcc.a(_clear_bss.o)
 .text.libgcc.fmul
                0x00000000        0x0 c:/program files (x86)/atmel/studio/7.0/toolchain/avr8/avr8-gnu-toolchain/bin/../lib/gcc/avr/5.4.0/avr5\libgcc.a(_clear_bss.o)
 .text.libgcc.fixed
                0x00000000        0x0 c:/program files (x86)/atmel/studio/7.0/toolchain/avr8/avr8-gnu-toolchain/bin/../lib/gcc/avr/5.4.0/avr5\libgcc.a(_clear_bss.o)
 .text          0x00000000        0x0 c:/program files (x86)/atmel/studio/7.0/toolchain/avr8/avr8-gnu-toolchain/bin/../lib/gcc/avr/5.4.0/../../../../avr/lib/avr5\libc.a(malloc.o)
 .bss           0x00000000        0x0 c:/program files (x86)/atmel/studio/7.0/toolchain/avr8/avr8-gnu-toolchain/bin/../lib/gcc/avr/5.4.0/../../../../avr/lib/avr5\libc.a(malloc.o)
 .text          0x00000000        0x0 c:/program files (x86)/atmel/studio/7.0/toolchain/avr8/avr8-gnu-toolchain/bin/../lib/gcc/avr/5.4.0/../../../../avr/lib/avr5\libc.a(memcpy.o)
 .data          0x00000000        0x0 c:/program files (x86)/atmel/studio/7.0/toolchain/avr8/avr8-gnu-toolchain/bin/../lib/gcc/avr/5.4.0/../../../../avr/lib/avr5\libc.a(memcpy.o)
 .bss           0x00000000        0x0 c:/program files (x86)/atmel/studio/7.0/toolchain/avr8/avr8-gnu-toolchain/bin/../lib/gcc/avr/5.4.0/../../../../avr/lib/avr5\libc.a(memcpy.o)
 .text          0x00000000        0x0 c:/program files (x86)/atmel/studio/7.0/toolchain/avr8/avr8-gnu-toolchain/bin/../lib/gcc/avr/5.4.0/../../../../avr/lib/avr5\libc.a(memset.o)
 .data          0x00000000        0x0 c:/program files (x86)/atmel/studio/7.0/toolchain/avr8/avr8-gnu-toolchain/bin/../lib/gcc/avr/5.4.0/../../../../avr/lib/avr5\libc.a(memset.o)
 .bss           0x00000000        0x0 c:/program files (x86)/atmel/studio/7.0/toolchain/avr8/avr8-gnu-toolchain/bin/../lib/gcc/avr/5.4.0/../../../../avr/lib/avr5\libc.a(memset.o)

Memory Configuration

Name             Origin             Length             Attributes
text             0x00000000         0x00020000         xr
data             0x00800060         0x0000ffa0         rw !x
eeprom           0x00810000         0x00010000         rw !x
fuse             0x00820000         0x00000003         rw !x
lock             0x00830000         0x00000400         rw !x
signature        0x00840000         0x00000400         rw !x
user_signatures  0x00850000         0x00000400         rw !x
*default*        0x00000000         0xffffffff

Linker script and memory map

Address of section .data set to 0x800100
LOAD C:/Program Files (x86)/Atmel/Studio/7.0/Packs/atmel/ATmega_DFP/1.2.132/gcc/dev/atmega324pa/avr5/crtatmega324pa.o
LOAD main.o
LOAD src/board/board.o
LOAD src/buffer/buffer.o
LOAD src/FreeRTOS/Source/croutine.o
LOAD src/FreeRTOS/Source/event_groups.o
LOAD src/FreeRTOS/Source/list.o
LOAD src/FreeRTOS/Source/portable/GCC/ATMega324/port.o
LOAD src/FreeRTOS/Source/portable/MemMang/heap_1.o
LOAD src/serial/serial.o
LOAD src/FreeRTOS/Source/queue.o
LOAD src/FreeRTOS/Source/tasks.o
LOAD src/FreeRTOS/Source/timers.o
START GROUP
LOAD c:/program files (x86)/atmel/studio/7.0/toolchain/avr8/avr8-gnu-toolchain/bin/../lib/gcc/avr/5.4.0/../../../../avr/lib/avr5\libm.a
END GROUP
START GROUP
LOAD c:/program files (x86)/atmel/studio/7.0/toolchain/avr8/avr8-gnu-toolchain/bin/../lib/gcc/avr/5.4.0/avr5\libgcc.a
LOAD c:/program files (x86)/atmel/studio/7.0/toolchain/avr8/avr8-gnu-toolchain/bin/../lib/gcc/avr/5.4.0/../../../../avr/lib/avr5\libm.a
LOAD c:/program files (x86)/atmel/studio/7.0/toolchain/avr8/avr8-gnu-toolchain/bin/../lib/gcc/avr/5.4.0/../../../../avr/lib/avr5\libc.a
LOAD C:/Program Files (x86)/Atmel/Studio/7.0/Packs/atmel/ATmega_DFP/1.2.132/gcc/dev/atmega324pa/avr5\libatmega324pa.a
END GROUP
                0x00020000                __TEXT_REGION_LENGTH__ = DEFINED (__TEXT_REGION_LENGTH__)?__TEXT_REGION_LENGTH__:0x20000
                0x0000ffa0                __DATA_REGION_LENGTH__ = DEFINED (__DATA_REGION_LENGTH__)?__DATA_REGION_LENGTH__:0xffa0
                0x00010000                __EEPROM_REGION_LENGTH__ = DEFINED (__EEPROM_REGION_LENGTH__)?__EEPROM_REGION_LENGTH__:0x10000
                [0x00000003]                __FUSE_REGION_LENGTH__ = DEFINED (__FUSE_REGION_LENGTH__)?__FUSE_REGION_LENGTH__:0x400
                0x00000400                __LOCK_REGION_LENGTH__ = DEFINED (__LOCK_REGION_LENGTH__)?__LOCK_REGION_LENGTH__:0x400
                0x00000400                __SIGNATURE_REGION_LENGTH__ = DEFINED (__SIGNATURE_REGION_LENGTH__)?__SIGNATURE_REGION_LENGTH__:0x400
                0x00000400                __USER_SIGNATURE_REGION_LENGTH__ = DEFINED (__USER_SIGNATURE_REGION_LENGTH__)?__USER_SIGNATURE_REGION_LENGTH__:0x400

.hash
 *(.hash)

.dynsym
 *(.dynsym)

.dynstr
 *(.dynstr)

.gnu.version
 *(.gnu.version)

.gnu.version_d
 *(.gnu.version_d)

.gnu.version_r
 *(.gnu.version_r)

.rel.init
 *(.rel.init)

.rela.init
 *(.rela.init)

.rel.text
 *(.rel.text)
 *(.rel.text.*)
 *(.rel.gnu.linkonce.t*)

.rela.text
 *(.rela.text)
 *(.rela.text.*)
 *(.rela.gnu.linkonce.t*)

.rel.fini
 *(.rel.fini)

.rela.fini
 *(.rela.fini)

.rel.rodata
 *(.rel.rodata)
 *(.rel.rodata.*)
 *(.rel.gnu.linkonce.r*)

.rela.rodata
 *(.rela.rodata)
 *(.rela.rodata.*)
 *(.rela.gnu.linkonce.r*)

.rel.data
 *(.rel.data)
 *(.rel.data.*)
 *(.rel.gnu.linkonce.d*)

.rela.data
 *(.rela.data)
 *(.rela.data.*)
 *(.rela.gnu.linkonce.d*)

.rel.ctors
 *(.rel.ctors)

.rela.ctors
 *(.rela.ctors)

.rel.dtors
 *(.rel.dtors)

.rela.dtors
 *(.rela.dtors)

.rel.got
 *(.rel.got)

.rela.got
 *(.rela.got)

.rel.bss
 *(.rel.bss)

.rela.bss
 *(.rela.bss)

.rel.plt
 *(.rel.plt)

.rela.plt
 *(.rela.plt)

.text           0x00000000     0x2086
 *(.vectors)
 .vectors       0x00000000       0x7c C:/Program Files (x86)/Atmel/Studio/7.0/Packs/atmel/ATmega_DFP/1.2.132/gcc/dev/atmega324pa/avr5/crtatmega324pa.o
                0x00000000                __vector_default
                0x00000000                __vectors
 *(.vectors)
 *(.progmem.gcc*)
 .progmem.gcc_sw_table.correctArrowKey
                0x0000007c       0x6e main.o
                0x000000ea                . = ALIGN (0x2)
                0x000000ea                __trampolines_start = .
 *(.trampolines)
 .trampolines   0x000000ea        0x0 linker stubs
 *(.trampolines*)
                0x000000ea                __trampolines_end = .
 *libprintf_flt.a:*(.progmem.data)
 *libc.a:*(.progmem.data)
 *(.progmem*)
                0x000000ea                . = ALIGN (0x2)
 *(.jumptables)
 *(.jumptables*)
 *(.lowtext)
 *(.lowtext*)
                0x000000ea                __ctors_start = .
 *(.ctors)
                0x000000ea                __ctors_end = .
                0x000000ea                __dtors_start = .
 *(.dtors)
                0x000000ea                __dtors_end = .
 SORT(*)(.ctors)
 SORT(*)(.dtors)
 *(.init0)
 .init0         0x000000ea        0x0 C:/Program Files (x86)/Atmel/Studio/7.0/Packs/atmel/ATmega_DFP/1.2.132/gcc/dev/atmega324pa/avr5/crtatmega324pa.o
                0x000000ea                __init
 *(.init0)
 *(.init1)
 *(.init1)
 *(.init2)
 .init2         0x000000ea        0xc C:/Program Files (x86)/Atmel/Studio/7.0/Packs/atmel/ATmega_DFP/1.2.132/gcc/dev/atmega324pa/avr5/crtatmega324pa.o
 *(.init2)
 *(.init3)
 *(.init3)
 *(.init4)
 .init4         0x000000f6       0x16 c:/program files (x86)/atmel/studio/7.0/toolchain/avr8/avr8-gnu-toolchain/bin/../lib/gcc/avr/5.4.0/avr5\libgcc.a(_copy_data.o)
                0x000000f6                __do_copy_data
 .init4         0x0000010c       0x10 c:/program files (x86)/atmel/studio/7.0/toolchain/avr8/avr8-gnu-toolchain/bin/../lib/gcc/avr/5.4.0/avr5\libgcc.a(_clear_bss.o)
                0x0000010c                __do_clear_bss
 *(.init4)
 *(.init5)
 *(.init5)
 *(.init6)
 *(.init6)
 *(.init7)
 *(.init7)
 *(.init8)
 *(.init8)
 *(.init9)
 .init9         0x0000011c        0x8 C:/Program Files (x86)/Atmel/Studio/7.0/Packs/atmel/ATmega_DFP/1.2.132/gcc/dev/atmega324pa/avr5/crtatmega324pa.o
 *(.init9)
 *(.text)
 .text          0x00000124        0x4 C:/Program Files (x86)/Atmel/Studio/7.0/Packs/atmel/ATmega_DFP/1.2.132/gcc/dev/atmega324pa/avr5/crtatmega324pa.o
                0x00000124                __vector_22
                0x00000124                __vector_1
                0x00000124                __vector_24
                0x00000124                __vector_12
                0x00000124                __bad_interrupt
                0x00000124                __vector_6
                0x00000124                __vector_3
                0x00000124                __vector_23
                0x00000124                __vector_30
                0x00000124                __vector_25
                0x00000124                __vector_11
                0x00000124                __vector_17
                0x00000124                __vector_19
                0x00000124                __vector_7
                0x00000124                __vector_27
                0x00000124                __vector_5
                0x00000124                __vector_4
                0x00000124                __vector_9
                0x00000124                __vector_2
                0x00000124                __vector_15
                0x00000124                __vector_8
                0x00000124                __vector_26
                0x00000124                __vector_14
                0x00000124                __vector_10
                0x00000124                __vector_18
                0x00000128                . = ALIGN (0x2)
 *(.text.*)
 .text.processMatrix
                0x00000128       0x4a main.o
                0x00000128                processMatrix
 .text.correctArrowKey
                0x00000172       0x24 main.o
                0x00000172                correctArrowKey
 .text.waitForKeyPress
                0x00000196      0x164 main.o
                0x00000196                waitForKeyPress
 .text.prepare_shiftregister
                0x000002fa        0x4 main.o
                0x000002fa                prepare_shiftregister
 .text.clock_shift_register_and_prepare_for_next_col
                0x000002fe        0xc main.o
                0x000002fe                clock_shift_register_and_prepare_for_next_col
 .text.load_col_value
                0x0000030a       0x16 main.o
                0x0000030a                load_col_value
 .text.handle_display
                0x00000320       0x4e main.o
                0x00000320                handle_display
 .text.handle_display_process_matrix
                0x0000036e       0x4e main.o
                0x0000036e                handle_display_process_matrix
 .text.vApplicationIdleHook
                0x000003bc        0x2 main.o
                0x000003bc                vApplicationIdleHook
 .text.main     0x000003be       0x44 main.o
                0x000003be                main
 .text._com_call_back
                0x00000402       0x3e src/board/board.o
 .text.init_com
                0x00000440        0xa src/board/board.o
                0x00000440                init_com
 .text.init_display_timer
                0x0000044a       0x24 src/board/board.o
                0x0000044a                init_display_timer
 .text.__vector_16
                0x0000046e       0x52 src/board/board.o
                0x0000046e                __vector_16
 .text.com_send_bytes
                0x000004c0       0x12 src/board/board.o
                0x000004c0                com_send_bytes
 .text.init_board
                0x000004d2       0x94 src/board/board.o
                0x000004d2                init_board
 .text.switch_in
                0x00000566       0x16 src/board/board.o
                0x00000566                switch_in
 .text.switch_out
                0x0000057c        0x8 src/board/board.o
                0x0000057c                switch_out
 .text.buffer_init
                0x00000584        0xa src/buffer/buffer.o
                0x00000584                buffer_init
 .text.buffer_get_item
                0x0000058e       0x42 src/buffer/buffer.o
                0x0000058e                buffer_get_item
 .text.buffer_put_item
                0x000005d0       0x3a src/buffer/buffer.o
                0x000005d0                buffer_put_item
 .text.vListInitialise
                0x0000060a       0x1c src/FreeRTOS/Source/list.o
                0x0000060a                vListInitialise
 .text.vListInitialiseItem
                0x00000626        0x8 src/FreeRTOS/Source/list.o
                0x00000626                vListInitialiseItem
 .text.vListInsertEnd
                0x0000062e       0x42 src/FreeRTOS/Source/list.o
                0x0000062e                vListInsertEnd
 .text.vListInsert
                0x00000670       0x62 src/FreeRTOS/Source/list.o
                0x00000670                vListInsert
 .text.uxListRemove
                0x000006d2       0x4c src/FreeRTOS/Source/list.o
                0x000006d2                uxListRemove
 .text.pxPortInitialiseStack
                0x0000071e       0xd8 src/FreeRTOS/Source/portable/GCC/ATMega324/port.o
                0x0000071e                pxPortInitialiseStack
 .text.xPortStartScheduler
                0x000007f6       0x74 src/FreeRTOS/Source/portable/GCC/ATMega324/port.o
                0x000007f6                xPortStartScheduler
 .text.vPortYield
                0x0000086a       0xb2 src/FreeRTOS/Source/portable/GCC/ATMega324/port.o
                0x0000086a                vPortYield
 .text.vPortYieldFromTick
                0x0000091c       0xb8 src/FreeRTOS/Source/portable/GCC/ATMega324/port.o
                0x0000091c                vPortYieldFromTick
 .text.__vector_13
                0x000009d4        0x6 src/FreeRTOS/Source/portable/GCC/ATMega324/port.o
                0x000009d4                __vector_13
 .text.pvPortMalloc
                0x000009da       0x6a src/FreeRTOS/Source/portable/MemMang/heap_1.o
                0x000009da                pvPortMalloc
 .text.vPortFree
                0x00000a44        0x2 src/FreeRTOS/Source/portable/MemMang/heap_1.o
                0x00000a44                vPortFree
 .text.serial_new_instance
                0x00000a46       0xf4 src/serial/serial.o
                0x00000a46                serial_new_instance
 .text.serial_send_bytes
                0x00000b3a       0x86 src/serial/serial.o
                0x00000b3a                serial_send_bytes
 .text.__vector_20
                0x00000bc0       0x7c src/serial/serial.o
                0x00000bc0                __vector_20
 .text.__vector_21
                0x00000c3c       0x90 src/serial/serial.o
                0x00000c3c                __vector_21
 .text.__vector_28
                0x00000ccc       0x7c src/serial/serial.o
                0x00000ccc                __vector_28
 .text.__vector_29
                0x00000d48       0x90 src/serial/serial.o
                0x00000d48                __vector_29
 .text.prvCopyDataToQueue
                0x00000dd8       0xbe src/FreeRTOS/Source/queue.o
 .text.prvCopyDataFromQueue
                0x00000e96       0x34 src/FreeRTOS/Source/queue.o
 .text.prvUnlockQueue
                0x00000eca       0x9a src/FreeRTOS/Source/queue.o
 .text.xQueueGenericReset
                0x00000f64       0x7a src/FreeRTOS/Source/queue.o
                0x00000f64                xQueueGenericReset
 .text.xQueueGenericCreate
                0x00000fde       0x62 src/FreeRTOS/Source/queue.o
                0x00000fde                xQueueGenericCreate
 .text.xQueueGenericSend
                0x00001040      0x142 src/FreeRTOS/Source/queue.o
                0x00001040                xQueueGenericSend
 .text.xQueueCreateMutex
                0x00001182       0x34 src/FreeRTOS/Source/queue.o
                0x00001182                xQueueCreateMutex
 .text.xQueueGenericSendFromISR
                0x000011b6       0x74 src/FreeRTOS/Source/queue.o
                0x000011b6                xQueueGenericSendFromISR
 .text.xQueueGenericReceive
                0x0000122a      0x198 src/FreeRTOS/Source/queue.o
                0x0000122a                xQueueGenericReceive
 .text.prvResetNextTaskUnblockTime
                0x000013c2       0x3e src/FreeRTOS/Source/tasks.o
 .text.prvAddCurrentTaskToDelayedList
                0x00001400       0x88 src/FreeRTOS/Source/tasks.o
 .text.xTaskCreate
                0x00001488      0x22a src/FreeRTOS/Source/tasks.o
                0x00001488                xTaskCreate
 .text.vTaskStartScheduler
                0x000016b2       0x54 src/FreeRTOS/Source/tasks.o
                0x000016b2                vTaskStartScheduler
 .text.vTaskSuspendAll
                0x00001706        0xc src/FreeRTOS/Source/tasks.o
                0x00001706                vTaskSuspendAll
 .text.xTaskIncrementTick
                0x00001712      0x176 src/FreeRTOS/Source/tasks.o
                0x00001712                xTaskIncrementTick
 .text.xTaskResumeAll
                0x00001888       0xfe src/FreeRTOS/Source/tasks.o
                0x00001888                xTaskResumeAll
 .text.vTaskDelay
                0x00001986       0x28 src/FreeRTOS/Source/tasks.o
                0x00001986                vTaskDelay
 .text.prvIdleTask
                0x000019ae       0x7e src/FreeRTOS/Source/tasks.o
 .text.vTaskSetApplicationTaskTag
                0x00001a2c       0x1e src/FreeRTOS/Source/tasks.o
                0x00001a2c                vTaskSetApplicationTaskTag
 .text.vTaskSwitchContext
                0x00001a4a       0xe8 src/FreeRTOS/Source/tasks.o
                0x00001a4a                vTaskSwitchContext
 .text.vTaskPlaceOnEventList
                0x00001b32       0x24 src/FreeRTOS/Source/tasks.o
                0x00001b32                vTaskPlaceOnEventList
 .text.xTaskRemoveFromEventList
                0x00001b56       0x90 src/FreeRTOS/Source/tasks.o
                0x00001b56                xTaskRemoveFromEventList
 .text.vTaskSetTimeOutState
                0x00001be6       0x16 src/FreeRTOS/Source/tasks.o
                0x00001be6                vTaskSetTimeOutState
 .text.xTaskCheckForTimeOut
                0x00001bfc       0x64 src/FreeRTOS/Source/tasks.o
                0x00001bfc                xTaskCheckForTimeOut
 .text.vTaskMissedYield
                0x00001c60        0x8 src/FreeRTOS/Source/tasks.o
                0x00001c60                vTaskMissedYield
 .text.vTaskPriorityInherit
                0x00001c68       0xc4 src/FreeRTOS/Source/tasks.o
                0x00001c68                vTaskPriorityInherit
 .text.xTaskPriorityDisinherit
                0x00001d2c       0x80 src/FreeRTOS/Source/tasks.o
                0x00001d2c                xTaskPriorityDisinherit
 .text.pvTaskIncrementMutexHeldCount
                0x00001dac       0x24 src/FreeRTOS/Source/tasks.o
                0x00001dac                pvTaskIncrementMutexHeldCount
 .text.libgcc.div
                0x00001dd0       0x44 c:/program files (x86)/atmel/studio/7.0/toolchain/avr8/avr8-gnu-toolchain/bin/../lib/gcc/avr/5.4.0/avr5\libgcc.a(_udivmodsi4.o)
                0x00001dd0                __udivmodsi4
 .text.libgcc   0x00001e14        0xc c:/program files (x86)/atmel/studio/7.0/toolchain/avr8/avr8-gnu-toolchain/bin/../lib/gcc/avr/5.4.0/avr5\libgcc.a(_tablejump2.o)
                0x00001e14                __tablejump2__
 .text.avr-libc
                0x00001e20      0x242 c:/program files (x86)/atmel/studio/7.0/toolchain/avr8/avr8-gnu-toolchain/bin/../lib/gcc/avr/5.4.0/../../../../avr/lib/avr5\libc.a(malloc.o)
                0x00001e20                malloc
                0x00001f50                free
 .text.avr-libc
                0x00002062       0x12 c:/program files (x86)/atmel/studio/7.0/toolchain/avr8/avr8-gnu-toolchain/bin/../lib/gcc/avr/5.4.0/../../../../avr/lib/avr5\libc.a(memcpy.o)
                0x00002062                memcpy
 .text.avr-libc
                0x00002074        0xe c:/program files (x86)/atmel/studio/7.0/toolchain/avr8/avr8-gnu-toolchain/bin/../lib/gcc/avr/5.4.0/../../../../avr/lib/avr5\libc.a(memset.o)
                0x00002074                memset
                0x00002082                . = ALIGN (0x2)
 *(.fini9)
 .fini9         0x00002082        0x0 c:/program files (x86)/atmel/studio/7.0/toolchain/avr8/avr8-gnu-toolchain/bin/../lib/gcc/avr/5.4.0/avr5\libgcc.a(_exit.o)
                0x00002082                _exit
                0x00002082                exit
 *(.fini9)
 *(.fini8)
 *(.fini8)
 *(.fini7)
 *(.fini7)
 *(.fini6)
 *(.fini6)
 *(.fini5)
 *(.fini5)
 *(.fini4)
 *(.fini4)
 *(.fini3)
 *(.fini3)
 *(.fini2)
 *(.fini2)
 *(.fini1)
 *(.fini1)
 *(.fini0)
 .fini0         0x00002082        0x4 c:/program files (x86)/atmel/studio/7.0/toolchain/avr8/avr8-gnu-toolchain/bin/../lib/gcc/avr/5.4.0/avr5\libgcc.a(_exit.o)
 *(.fini0)
                0x00002086                _etext = .

.data           0x00800100       0xd2 load address 0x00002086
                0x00800100                PROVIDE (__data_start, .)
 *(.data)
 .data          0x00800100        0x6 c:/program files (x86)/atmel/studio/7.0/toolchain/avr8/avr8-gnu-toolchain/bin/../lib/gcc/avr/5.4.0/../../../../avr/lib/avr5\libc.a(malloc.o)
                0x00800100                __malloc_heap_end
                0x00800102                __malloc_heap_start
                0x00800104                __malloc_margin
 *(.data*)
 .data.start_game
                0x00800106        0x2 main.o
 .data._com_port_2_udr
                0x00800108        0x4 src/serial/serial.o
                0x00800108                _com_port_2_udr
 *(.rodata)
 *(.rodata*)
 .rodata.str1.1
                0x0080010c       0x89 main.o
 .rodata.frame2_buf
                0x00800195       0x1c main.o
 .rodata.frame_buf
                0x008001b1       0x1c main.o
 .rodata.str1.1
                0x008001cd        0x5 src/FreeRTOS/Source/tasks.o
 *(.gnu.linkonce.d*)
                0x008001d2                . = ALIGN (0x2)
                0x008001d2                _edata = .
                0x008001d2                PROVIDE (__data_end, .)

.bss            0x008001d2      0x4a5
                0x008001d2                PROVIDE (__bss_start, .)
 *(.bss)
 *(.bss*)
 .bss.col.2605  0x008001d2        0x1 main.o
 .bss.col.2595  0x008001d3        0x1 main.o
 .bss.run_process_matrix
                0x008001d4        0x2 main.o
 .bss.xMutexReceivedData
                0x008001d6        0x2 main.o
 .bss._received_chars_queue
                0x008001d8        0x2 main.o
 .bss._com_tx_buffer.2129
                0x008001da       0x23 src/board/board.o
 .bss._com_rx_buffer.2128
                0x008001fd       0x23 src/board/board.o
 .bss.cb_ptr    0x00800220        0x2 src/board/board.o
 .bss._x_rx_com_queue
                0x00800222        0x2 src/board/board.o
 .bss._com_serial_instance
                0x00800224        0x2 src/board/board.o
 .bss.pucAlignedHeap.2084
                0x00800226        0x2 src/FreeRTOS/Source/portable/MemMang/heap_1.o
 .bss.xNextFreeByte
                0x00800228        0x2 src/FreeRTOS/Source/portable/MemMang/heap_1.o
 .bss.ucHeap    0x0080022a      0x3e8 src/FreeRTOS/Source/portable/MemMang/heap_1.o
 .bss._ser_handle
                0x00800612        0x4 src/serial/serial.o
 .bss.uxSchedulerSuspended
                0x00800616        0x1 src/FreeRTOS/Source/tasks.o
 .bss.xIdleTaskHandle
                0x00800617        0x2 src/FreeRTOS/Source/tasks.o
 .bss.xNextTaskUnblockTime
                0x00800619        0x2 src/FreeRTOS/Source/tasks.o
 .bss.uxTaskNumber
                0x0080061b        0x1 src/FreeRTOS/Source/tasks.o
 .bss.xNumOfOverflows
                0x0080061c        0x1 src/FreeRTOS/Source/tasks.o
 .bss.xYieldPending
                0x0080061d        0x1 src/FreeRTOS/Source/tasks.o
 .bss.uxPendedTicks
                0x0080061e        0x1 src/FreeRTOS/Source/tasks.o
 .bss.xSchedulerRunning
                0x0080061f        0x1 src/FreeRTOS/Source/tasks.o
 .bss.uxTopReadyPriority
                0x00800620        0x1 src/FreeRTOS/Source/tasks.o
 .bss.xTickCount
                0x00800621        0x2 src/FreeRTOS/Source/tasks.o
 .bss.uxCurrentNumberOfTasks
                0x00800623        0x1 src/FreeRTOS/Source/tasks.o
 .bss.uxDeletedTasksWaitingCleanUp
                0x00800624        0x1 src/FreeRTOS/Source/tasks.o
 .bss.xTasksWaitingTermination
                0x00800625        0x9 src/FreeRTOS/Source/tasks.o
 .bss.xPendingReadyList
                0x0080062e        0x9 src/FreeRTOS/Source/tasks.o
 .bss.pxOverflowDelayedTaskList
                0x00800637        0x2 src/FreeRTOS/Source/tasks.o
 .bss.pxDelayedTaskList
                0x00800639        0x2 src/FreeRTOS/Source/tasks.o
 .bss.xDelayedTaskList2
                0x0080063b        0x9 src/FreeRTOS/Source/tasks.o
 .bss.xDelayedTaskList1
                0x00800644        0x9 src/FreeRTOS/Source/tasks.o
 .bss.pxReadyTasksLists
                0x0080064d       0x24 src/FreeRTOS/Source/tasks.o
 .bss.pxCurrentTCB
                0x00800671        0x2 src/FreeRTOS/Source/tasks.o
                0x00800671                pxCurrentTCB
 *(COMMON)
 COMMON         0x00800673        0x4 c:/program files (x86)/atmel/studio/7.0/toolchain/avr8/avr8-gnu-toolchain/bin/../lib/gcc/avr/5.4.0/../../../../avr/lib/avr5\libc.a(malloc.o)
                0x00800673                __brkval
                0x00800675                __flp
                0x00800677                PROVIDE (__bss_end, .)
                0x00002086                __data_load_start = LOADADDR (.data)
                0x00002158                __data_load_end = (__data_load_start + SIZEOF (.data))

.noinit         0x00800677        0x0
                [!provide]                PROVIDE (__noinit_start, .)
 *(.noinit*)
                [!provide]                PROVIDE (__noinit_end, .)
                0x00800677                _end = .
                0x00800677                PROVIDE (__heap_start, .)

.eeprom         0x00810000        0x0
 *(.eeprom*)
                0x00810000                __eeprom_end = .

.fuse
 *(.fuse)
 *(.lfuse)
 *(.hfuse)
 *(.efuse)

.lock
 *(.lock*)

.signature
 *(.signature*)

.user_signatures
 *(.user_signatures*)

.stab
 *(.stab)

.stabstr
 *(.stabstr)

.stab.excl
 *(.stab.excl)

.stab.exclstr
 *(.stab.exclstr)

.stab.index
 *(.stab.index)

.stab.indexstr
 *(.stab.indexstr)

.comment        0x00000000       0x30
 *(.comment)
 .comment       0x00000000       0x30 main.o
                                 0x31 (size before relaxing)
 .comment       0x00000030       0x31 src/board/board.o
 .comment       0x00000030       0x31 src/buffer/buffer.o
 .comment       0x00000030       0x31 src/FreeRTOS/Source/list.o
 .comment       0x00000030       0x31 src/FreeRTOS/Source/portable/GCC/ATMega324/port.o
 .comment       0x00000030       0x31 src/FreeRTOS/Source/portable/MemMang/heap_1.o
 .comment       0x00000030       0x31 src/serial/serial.o
 .comment       0x00000030       0x31 src/FreeRTOS/Source/queue.o
 .comment       0x00000030       0x31 src/FreeRTOS/Source/tasks.o
 .comment       0x00000030       0x31 c:/program files (x86)/atmel/studio/7.0/toolchain/avr8/avr8-gnu-toolchain/bin/../lib/gcc/avr/5.4.0/../../../../avr/lib/avr5\libc.a(malloc.o)

.note.gnu.avr.deviceinfo
                0x00000000       0x40
 .note.gnu.avr.deviceinfo
                0x00000000       0x40 C:/Program Files (x86)/Atmel/Studio/7.0/Packs/atmel/ATmega_DFP/1.2.132/gcc/dev/atmega324pa/avr5/crtatmega324pa.o

.note.gnu.build-id
 *(.note.gnu.build-id)

.debug
 *(.debug)

.line
 *(.line)

.debug_srcinfo
 *(.debug_srcinfo)

.debug_sfnames
 *(.debug_sfnames)

.debug_aranges  0x00000000      0x470
 *(.debug_aranges)
 .debug_aranges
                0x00000000       0x68 main.o
 .debug_aranges
                0x00000068       0x58 src/board/board.o
 .debug_aranges
                0x000000c0       0x48 src/buffer/buffer.o
 .debug_aranges
                0x00000108       0x40 src/FreeRTOS/Source/list.o
 .debug_aranges
                0x00000148       0x48 src/FreeRTOS/Source/portable/GCC/ATMega324/port.o
 .debug_aranges
                0x00000190       0x38 src/FreeRTOS/Source/portable/MemMang/heap_1.o
 .debug_aranges
                0x000001c8       0x50 src/serial/serial.o
 .debug_aranges
                0x00000218       0xe0 src/FreeRTOS/Source/queue.o
 .debug_aranges
                0x000002f8      0x178 src/FreeRTOS/Source/tasks.o

.debug_pubnames
 *(.debug_pubnames)

.debug_info     0x00000000     0x580e
 *(.debug_info .gnu.linkonce.wi.*)
 .debug_info    0x00000000      0x6cc C:/Program Files (x86)/Atmel/Studio/7.0/Packs/atmel/ATmega_DFP/1.2.132/gcc/dev/atmega324pa/avr5/crtatmega324pa.o
 .debug_info    0x000006cc      0x86e main.o
 .debug_info    0x00000f3a      0x488 src/board/board.o
 .debug_info    0x000013c2      0x20d src/buffer/buffer.o
 .debug_info    0x000015cf      0x2cd src/FreeRTOS/Source/list.o
 .debug_info    0x0000189c      0x263 src/FreeRTOS/Source/portable/GCC/ATMega324/port.o
 .debug_info    0x00001aff      0x1a4 src/FreeRTOS/Source/portable/MemMang/heap_1.o
 .debug_info    0x00001ca3      0x568 src/serial/serial.o
 .debug_info    0x0000220b     0x1571 src/FreeRTOS/Source/queue.o
 .debug_info    0x0000377c     0x2092 src/FreeRTOS/Source/tasks.o

.debug_abbrev   0x00000000     0x161f
 *(.debug_abbrev)
 .debug_abbrev  0x00000000      0x66e C:/Program Files (x86)/Atmel/Studio/7.0/Packs/atmel/ATmega_DFP/1.2.132/gcc/dev/atmega324pa/avr5/crtatmega324pa.o
 .debug_abbrev  0x0000066e      0x207 main.o
 .debug_abbrev  0x00000875      0x19d src/board/board.o
 .debug_abbrev  0x00000a12       0xde src/buffer/buffer.o
 .debug_abbrev  0x00000af0       0xf8 src/FreeRTOS/Source/list.o
 .debug_abbrev  0x00000be8      0x155 src/FreeRTOS/Source/portable/GCC/ATMega324/port.o
 .debug_abbrev  0x00000d3d      0x11c src/FreeRTOS/Source/portable/MemMang/heap_1.o
 .debug_abbrev  0x00000e59      0x1ee src/serial/serial.o
 .debug_abbrev  0x00001047      0x270 src/FreeRTOS/Source/queue.o
 .debug_abbrev  0x000012b7      0x368 src/FreeRTOS/Source/tasks.o

.debug_line     0x00000000     0x2eec
 *(.debug_line .debug_line.* .debug_line_end)
 .debug_line    0x00000000      0x151 C:/Program Files (x86)/Atmel/Studio/7.0/Packs/atmel/ATmega_DFP/1.2.132/gcc/dev/atmega324pa/avr5/crtatmega324pa.o
 .debug_line    0x00000151      0x3b0 main.o
 .debug_line    0x00000501      0x284 src/board/board.o
 .debug_line    0x00000785      0x191 src/buffer/buffer.o
 .debug_line    0x00000916      0x22a src/FreeRTOS/Source/list.o
 .debug_line    0x00000b40      0x2d0 src/FreeRTOS/Source/portable/GCC/ATMega324/port.o
 .debug_line    0x00000e10      0x1e1 src/FreeRTOS/Source/portable/MemMang/heap_1.o
 .debug_line    0x00000ff1      0x2a5 src/serial/serial.o
 .debug_line    0x00001296      0xaee src/FreeRTOS/Source/queue.o
 .debug_line    0x00001d84     0x1168 src/FreeRTOS/Source/tasks.o

.debug_frame    0x00000000      0xe78
 *(.debug_frame)
 .debug_frame   0x00000000       0xd4 main.o
 .debug_frame   0x000000d4      0x114 src/board/board.o
 .debug_frame   0x000001e8       0x74 src/buffer/buffer.o
 .debug_frame   0x0000025c       0x88 src/FreeRTOS/Source/list.o
 .debug_frame   0x000002e4       0x74 src/FreeRTOS/Source/portable/GCC/ATMega324/port.o
 .debug_frame   0x00000358       0x60 src/FreeRTOS/Source/portable/MemMang/heap_1.o
 .debug_frame   0x000003b8      0x248 src/serial/serial.o
 .debug_frame   0x00000600      0x328 src/FreeRTOS/Source/queue.o
 .debug_frame   0x00000928      0x550 src/FreeRTOS/Source/tasks.o

.debug_str      0x00000000     0x1c20
 *(.debug_str)
 .debug_str     0x00000000      0x255 C:/Program Files (x86)/Atmel/Studio/7.0/Packs/atmel/ATmega_DFP/1.2.132/gcc/dev/atmega324pa/avr5/crtatmega324pa.o
 .debug_str     0x00000255      0x3c9 main.o
                                0x417 (size before relaxing)
 .debug_str     0x0000061e      0x27f src/board/board.o
                                0x415 (size before relaxing)
 .debug_str     0x0000089d       0x67 src/buffer/buffer.o
                                0x225 (size before relaxing)
 .debug_str     0x00000904      0x13b src/FreeRTOS/Source/list.o
                                0x2c6 (size before relaxing)
 .debug_str     0x00000a3f      0x133 src/FreeRTOS/Source/portable/GCC/ATMega324/port.o
                                0x2d7 (size before relaxing)
 .debug_str     0x00000b72       0xd2 src/FreeRTOS/Source/portable/MemMang/heap_1.o
                                0x248 (size before relaxing)
 .debug_str     0x00000c44      0x126 src/serial/serial.o
                                0x418 (size before relaxing)
 .debug_str     0x00000d6a      0x529 src/FreeRTOS/Source/queue.o
                                0x857 (size before relaxing)
 .debug_str     0x00001293      0x98d src/FreeRTOS/Source/tasks.o
                                0xed4 (size before relaxing)

.debug_loc      0x00000000     0x5401
 *(.debug_loc)
 .debug_loc     0x00000000      0x100 main.o
 .debug_loc     0x00000100      0x2bb src/board/board.o
 .debug_loc     0x000003bb       0xc0 src/buffer/buffer.o
 .debug_loc     0x0000047b      0x145 src/FreeRTOS/Source/list.o
 .debug_loc     0x000005c0      0x2a0 src/FreeRTOS/Source/portable/GCC/ATMega324/port.o
 .debug_loc     0x00000860       0xf1 src/FreeRTOS/Source/portable/MemMang/heap_1.o
 .debug_loc     0x00000951      0x916 src/serial/serial.o
 .debug_loc     0x00001267     0x1d42 src/FreeRTOS/Source/queue.o
 .debug_loc     0x00002fa9     0x2458 src/FreeRTOS/Source/tasks.o

.debug_macinfo
 *(.debug_macinfo)

.debug_weaknames
 *(.debug_weaknames)

.debug_funcnames
 *(.debug_funcnames)

.debug_typenames
 *(.debug_typenames)

.debug_varnames
 *(.debug_varnames)

.debug_pubtypes
 *(.debug_pubtypes)

.debug_ranges   0x00000000      0x4d0
 *(.debug_ranges)
 .debug_ranges  0x00000000       0x58 main.o
 .debug_ranges  0x00000058       0x48 src/board/board.o
 .debug_ranges  0x000000a0       0x38 src/buffer/buffer.o
 .debug_ranges  0x000000d8       0x30 src/FreeRTOS/Source/list.o
 .debug_ranges  0x00000108       0x38 src/FreeRTOS/Source/portable/GCC/ATMega324/port.o
 .debug_ranges  0x00000140       0x28 src/FreeRTOS/Source/portable/MemMang/heap_1.o
 .debug_ranges  0x00000168       0x58 src/serial/serial.o
 .debug_ranges  0x000001c0      0x130 src/FreeRTOS/Source/queue.o
 .debug_ranges  0x000002f0      0x1e0 src/FreeRTOS/Source/tasks.o

.debug_macro
 *(.debug_macro)
OUTPUT(FreeRTOS-Test.elf elf32-avr)
LOAD linker stubs
